
> smart-photo-organizer@0.5.5 test
> vitest run --run


[1m[46m RUN [49m[22m [36mv4.0.16 [39m[90mJ:/Projects/smart-photo-organizer[39m

 [31mΓ¥»[39m tests/backend/integration/database.integration.test.ts [2m([22m[2m5 tests[22m[2m | [22m[31m5 failed[39m[2m)[22m[32m 27[2mms[22m[39m
[31m       [31m├ù[31m should cascade delete faces when a photo is deleted[39m[32m 14[2mms[22m[39m
[31m       [31m├ù[31m should prevent adding a face for a non-existent photo (Foreign Key)[39m[32m 3[2mms[22m[39m
[31m       [31m├ù[31m should set person_id to NULL when a person is deleted (SET NULL)[39m[32m 2[2mms[22m[39m
[31m       [31m├ù[31m should enforce unique file paths for photos[39m[32m 3[2mms[22m[39m
[31m       [31m├ù[31m should enforce unique names for people[39m[32m 3[2mms[22m[39m
 [31mΓ¥»[39m tests/backend/unit/repositories/PersonRepository.test.ts [2m([22m[2m23 tests[22m[2m | [22m[31m23 failed[39m[2m)[22m[32m 70[2mms[22m[39m
[31m       [31m├ù[31m should create a new person with the given name[39m[32m 15[2mms[22m[39m
[31m       [31m├ù[31m should trim whitespace from name[39m[32m 3[2mms[22m[39m
[31m       [31m├ù[31m should not create duplicate (returns existing person)[39m[32m 3[2mms[22m[39m
[31m       [31m├ù[31m should be case-insensitive for duplicates[39m[32m 3[2mms[22m[39m
[31m       [31m├ù[31m should return undefined for non-existent person[39m[32m 3[2mms[22m[39m
[31m       [31m├ù[31m should return person with all fields[39m[32m 3[2mms[22m[39m
[31m       [31m├ù[31m should return undefined for non-existent person[39m[32m 3[2mms[22m[39m
[31m       [31m├ù[31m should find person case-insensitively[39m[32m 3[2mms[22m[39m
[31m       [31m├ù[31m should trim input before matching[39m[32m 2[2mms[22m[39m
[31m       [31m├ù[31m should update person name[39m[32m 2[2mms[22m[39m
[31m       [31m├ù[31m should trim whitespace from new name[39m[32m 2[2mms[22m[39m
[31m       [31m├ù[31m should remove person from database[39m[32m 2[2mms[22m[39m
[31m       [31m├ù[31m should not throw when deleting non-existent person[39m[32m 3[2mms[22m[39m
[31m       [31m├ù[31m should set descriptor_mean_json[39m[32m 3[2mms[22m[39m
[31m       [31m├ù[31m should set descriptor_mean_json to null[39m[32m 2[2mms[22m[39m
[31m       [31m├ù[31m should return only people with descriptor_mean_json[39m[32m 2[2mms[22m[39m
[31m       [31m├ù[31m should return empty array when no people have descriptors[39m[32m 3[2mms[22m[39m
[31m       [31m├ù[31m should set cover_face_id for person[39m[32m 2[2mms[22m[39m
[31m       [31m├ù[31m should set cover_face_id to null[39m[32m 2[2mms[22m[39m
[31m       [31m├ù[31m should return all people with correct face counts[39m[32m 2[2mms[22m[39m
[31m       [31m├ù[31m should return empty array when no people exist[39m[32m 2[2mms[22m[39m
[31m       [31m├ù[31m should add and retrieve eras[39m[32m 2[2mms[22m[39m
[31m       [31m├ù[31m should delete era and nullify face associations[39m[32m 2[2mms[22m[39m
 [31mΓ¥»[39m tests/backend/unit/repositories/PhotoRepository.test.ts [2m([22m[2m23 tests[22m[2m | [22m[31m23 failed[39m[2m)[22m[32m 71[2mms[22m[39m
[31m       [31m├ù[31m should return undefined for non-existent photo[39m[32m 15[2mms[22m[39m
[31m       [31m├ù[31m should return photo with all fields[39m[32m 3[2mms[22m[39m
[31m       [31m├ù[31m should return empty result when no photos exist[39m[32m 2[2mms[22m[39m
[31m       [31m├ù[31m should return paginated results[39m[32m 3[2mms[22m[39m
[31m       [31m├ù[31m should filter by folder[39m[32m 2[2mms[22m[39m
[31m       [31m├ù[31m should filter by search term[39m[32m 2[2mms[22m[39m
[31m       [31m├ù[31m should filter by person[39m[32m 2[2mms[22m[39m
[31m       [31m├ù[31m should update description[39m[32m 2[2mms[22m[39m
[31m       [31m├ù[31m should update blur_score[39m[32m 2[2mms[22m[39m
[31m       [31m├ù[31m should do nothing when no updates provided[39m[32m 4[2mms[22m[39m
[31m       [31m├ù[31m should return empty array for empty ids[39m[32m 2[2mms[22m[39m
[31m       [31m├ù[31m should return file paths for given ids[39m[32m 2[2mms[22m[39m
[31m       [31m├ù[31m should return photos without blur_score[39m[32m 2[2mms[22m[39m
[31m       [31m├ù[31m should add tags to photo[39m[32m 3[2mms[22m[39m
[31m       [31m├ù[31m should normalize tags to lowercase[39m[32m 3[2mms[22m[39m
[31m       [31m├ù[31m should not create duplicate tag links[39m[32m 3[2mms[22m[39m
[31m       [31m├ù[31m should remove tag from photo[39m[32m 2[2mms[22m[39m
[31m       [31m├ù[31m should not throw when removing non-existent tag[39m[32m 2[2mms[22m[39m
[31m       [31m├ù[31m should return all tags[39m[32m 2[2mms[22m[39m
[31m       [31m├ù[31m should delete all data from relevant tables[39m[32m 2[2mms[22m[39m
[31m       [31m├ù[31m should remove only auto-sourced tags[39m[32m 2[2mms[22m[39m
[31m       [31m├ù[31m should filter by folder path[39m[32m 2[2mms[22m[39m
[31m       [31m├ù[31m should filter to only photos with faces[39m[32m 2[2mms[22m[39m
[90mstdout[2m | tests/backend/unit/services/FaceAnalysisService.detectBackground.test.ts[2m > [22m[2mFaceAnalysisService.detectBackgroundFaces[2m > [22m[2mshould send unnamed faces and centroids to Python backend
[22m[39m[FaceNoise] detectBackgroundFaces: 2 faces, 1 centroids

 [31mΓ¥»[39m tests/backend/unit/repositories/FaceRepository.test.ts [2m([22m[2m30 tests[22m[2m | [22m[31m30 failed[39m[2m)[22m[32m 89[2mms[22m[39m
[31m       [31m├ù[31m should return empty array when given empty ids array[39m[32m 17[2mms[22m[39m
[31m       [31m├ù[31m should return faces matching the given ids[39m[32m 3[2mms[22m[39m
[31m       [31m├ù[31m should parse box_json into box object[39m[32m 3[2mms[22m[39m
[31m       [31m├ù[31m should convert descriptor blob to number array[39m[32m 2[2mms[22m[39m
[31m       [31m├ù[31m should not throw when given empty array[39m[32m 2[2mms[22m[39m
[31m       [31m├ù[31m should set is_ignored to 1 for specified faces[39m[32m 2[2mms[22m[39m
[31m       [31m├ù[31m should not throw when given empty array[39m[32m 2[2mms[22m[39m
[31m       [31m├ù[31m should set is_ignored to 0 for specified faces[39m[32m 2[2mms[22m[39m
[31m       [31m├ù[31m should assign person_id when provided[39m[32m 2[2mms[22m[39m
[31m       [31m├ù[31m should set person_id to null when null is explicitly passed[39m[32m 2[2mms[22m[39m
[31m       [31m├ù[31m should return only ignored faces[39m[32m 2[2mms[22m[39m
[31m       [31m├ù[31m should paginate results correctly[39m[32m 2[2mms[22m[39m
[31m       [31m├ù[31m should return null for non-existent face[39m[32m 2[2mms[22m[39m
[31m       [31m├ù[31m should return face with parsed box, descriptor, and confidence tier[39m[32m 5[2mms[22m[39m
[31m       [31m├ù[31m should return empty array for photo with no faces[39m[32m 3[2mms[22m[39m
[31m       [31m├ù[31m should return all non-ignored faces for a photo[39m[32m 2[2mms[22m[39m
[31m       [31m├ù[31m should include person_name when face is assigned to a person[39m[32m 2[2mms[22m[39m
[31m       [31m├ù[31m should not throw when given empty array or null[39m[32m 2[2mms[22m[39m
[31m       [31m├ù[31m should delete specified faces from database[39m[32m 2[2mms[22m[39m
[31m       [31m├ù[31m should not throw when given empty array[39m[32m 2[2mms[22m[39m
[31m       [31m├ù[31m should assign person_id to specified faces[39m[32m 2[2mms[22m[39m
[31m       [31m├ù[31m should return faces without person_id[39m[32m 2[2mms[22m[39m
[31m       [31m├ù[31m should exclude ignored faces[39m[32m 2[2mms[22m[39m
[31m       [31m├ù[31m should exclude faces without descriptors[39m[32m 2[2mms[22m[39m
[31m       [31m├ù[31m should exclude blurry faces (blur_score < 10)[39m[32m 1[2mms[22m[39m
[31m       [31m├ù[31m should return faces with blur_score below threshold[39m[32m 2[2mms[22m[39m
[31m       [31m├ù[31m should filter by personId when provided[39m[32m 2[2mms[22m[39m
[31m       [31m├ù[31m should exclude ignored faces[39m[32m 5[2mms[22m[39m
[31m       [31m├ù[31m should return only faces with descriptors[39m[32m 2[2mms[22m[39m
[31m       [31m├ù[31m should return only unassigned, non-ignored faces with descriptors[39m[32m 2[2mms[22m[39m
[90mstdout[2m | tests/backend/unit/services/FaceAnalysisService.detectBackground.test.ts[2m > [22m[2mFaceAnalysisService.detectBackgroundFaces[2m > [22m[2mshould use custom threshold options when provided
[22m[39m[FaceNoise] detectBackgroundFaces: 1 faces, 0 centroids

[90mstdout[2m | tests/backend/unit/services/FaceAnalysisService.detectBackground.test.ts[2m > [22m[2mFaceAnalysisService.detectBackgroundFaces[2m > [22m[2mshould transform Python response to NoiseCandidate format
[22m[39m[FaceNoise] detectBackgroundFaces: 1 faces, 0 centroids

[90mstdout[2m | tests/backend/unit/services/FaceAnalysisService.detectBackground.test.ts[2m > [22m[2mFaceAnalysisService.detectBackgroundFaces[2m > [22m[2mshould throw error when Python backend fails
[22m[39m[FaceNoise] detectBackgroundFaces: 1 faces, 0 centroids

[90mstdout[2m | tests/backend/unit/services/FaceAnalysisService.detectBackground.test.ts[2m > [22m[2mFaceAnalysisService.detectBackgroundFaces[2m > [22m[2mshould include Era centroids in the payload sent to Python
[22m[39m[FaceNoise] detectBackgroundFaces: 1 faces, 3 centroids

npm : [vitest-pool]: Failed to terminate forks worker for test files 
J:/Projects/smart-photo-organizer/tests/backend/unit/repositories/PhotoRepository.test.ts. Error: 
kill EPERM
At line:1 char:1
+ npm test -- --run 2>&1 | Out-File -FilePath test-results.txt -Encodin ...
+ ~~~~~~~~~~~~~~~~~~~~~~
    + CategoryInfo          : NotSpecified: ([vitest-pool]: ...ror: kill EPERM:String) [], RemoteExce 
   ption
    + FullyQualifiedErrorId : NativeCommandError
 
    at ChildProcess.kill (node:internal/child_process:512:26)
    at ForksPoolWorker.stop 
(file:///J:/Projects/smart-photo-organizer/node_modules/vitest/dist/chunks/cli-api.BKg19Fvw.js:7675:8)
    at 
file:///J:/Projects/smart-photo-organizer/node_modules/vitest/dist/chunks/cli-api.BKg19Fvw.js:7554:118
    at Traces.$ 
(file:///J:/Projects/smart-photo-organizer/node_modules/vitest/dist/chunks/traces.U4xDYhzZ.js:115:27)
    at PoolRunner.stop (file:///J:/Projects/smart-photo-organizer/node_modules/vitest/dist/chunks/cli-
api.BKg19Fvw.js:7554:23)
    at processTicksAndRejections (node:internal/process/task_queues:95:5) {
  errno: -4048,
  code: 'EPERM',
  syscall: 'kill'
}
 [32mΓ£ô[39m tests/backend/unit/services/FaceAnalysisService.detectBackground.test.ts [2m([22m[2m6 tests[22m[2m)[22m[32m 18[2mms[22m[39m
[90mstdout[2m | tests/backend/unit/services/PersonService.moveFaces.test.ts
[22m[39m[DB Module] Loading Module Instance: h1ixdy

[vitest-pool]: Failed to terminate forks worker for test files 
J:/Projects/smart-photo-organizer/tests/backend/unit/repositories/FaceRepository.test.ts. Error: kill 
EPERM
    at ChildProcess.kill (node:internal/child_process:512:26)
    at ForksPoolWorker.stop 
(file:///J:/Projects/smart-photo-organizer/node_modules/vitest/dist/chunks/cli-api.BKg19Fvw.js:7675:8)
    at 
file:///J:/Projects/smart-photo-organizer/node_modules/vitest/dist/chunks/cli-api.BKg19Fvw.js:7554:118
    at Traces.$ 
(file:///J:/Projects/smart-photo-organizer/node_modules/vitest/dist/chunks/traces.U4xDYhzZ.js:115:27)
    at PoolRunner.stop (file:///J:/Projects/smart-photo-organizer/node_modules/vitest/dist/chunks/cli-
api.BKg19Fvw.js:7554:23)
    at processTicksAndRejections (node:internal/process/task_queues:95:5) {
  errno: -4048,
  code: 'EPERM',
  syscall: 'kill'
}
 [32mΓ£ô[39m tests/backend/unit/Scanner.test.ts [2m([22m[2m4 tests[22m[2m)[22m[32m 10[2mms[22m[39m
 [32mΓ£ô[39m tests/backend/unit/services/ConfigService_SmartIgnore.test.ts [2m([22m[2m3 tests[22m[2m)[22m[32m 6[2mms[22m[39m
 [32mΓ£ô[39m tests/backend/unit/services/ConfigService.test.ts [2m([22m[2m6 tests[22m[2m)[22m[32m 10[2mms[22m[39m
[90mstdout[2m | tests/backend/unit/services/PersonService.eras.test.ts[2m > [22m[2mPersonService - Era Generation[2m > [22m[2mgenerateEras[2m > [22m[2mshould succeed with custom config allowing fewer faces
[22m[39m[PersonService] Generated 1 visual eras for person 123 (K=2)

[90mstdout[2m | tests/backend/unit/services/PersonService.eras.test.ts[2m > [22m[2mPersonService - Era Generation[2m > [22m[2mgenerateEras[2m > [22m[2mshould cluster distinct groups into separate eras
[22m[39m[box] Cluster 0 vs 1: distance 1.0000 (Threshold: 0.5)
[PersonService] Generated 2 visual eras for person 123 (K=2)

[90mstdout[2m | tests/backend/unit/services/PersonService.eras.test.ts[2m > [22m[2mPersonService - Era Generation[2m > [22m[2mgenerateEras[2m > [22m[2mshould merge similar clusters if threshold is high
[22m[39m[PersonService] Generated 1 visual eras for person 123 (K=2)

[90mstdout[2m | tests/backend/unit/services/PersonService.eras.test.ts[2m > [22m[2mPersonService - Era Generation[2m > [22m[2mgenerateEras[2m > [22m[2mshould calculate correct date ranges for eras
[22m[39m[PersonService] Generated 1 visual eras for person 123 (K=2)

 [32mΓ£ô[39m tests/backend/unit/services/PersonService.eras.test.ts [2m([22m[2m5 tests[22m[2m)[22m[32m 13[2mms[22m[39m
 [32mΓ£ô[39m tests/backend/unit/services/PhotoService.test.ts [2m([22m[2m8 tests[22m[2m)[22m[32m 12[2mms[22m[39m
 [32mΓ£ô[39m tests/backend/unit/services/PersonService.moveFaces.test.ts [2m([22m[2m3 tests[22m[2m)[22m[32m 9[2mms[22m[39m
 [32mΓ£ô[39m tests/backend/unit/services/FaceService.test.ts [2m([22m[2m10 tests[22m[2m)[22m[32m 16[2mms[22m[39m
 [32mΓ£ô[39m tests/backend/integration/ipc.integration.test.ts [2m([22m[2m4 tests[22m[2m)[22m[32m 8[2mms[22m[39m
 [31mΓ¥»[39m tests/backend/unit/services/BackgroundBucketingService.test.ts [2m([22m[2m5 tests[22m[2m | [22m[31m2 failed[39m[2m)[22m[32m 17[2mms[22m[39m
     [32mΓ£ô[39m should process suggestions correctly[32m 5[2mms[22m[39m
[31m     [31m├ù[31m should process discovery correctly via DBSCAN[39m[32m 6[2mms[22m[39m
     [32mΓ£ô[39m should respect update entity_type in matching[32m 1[2mms[22m[39m
[31m       [31m├ù[31m should process ignored faces when re-check is active[39m[32m 2[2mms[22m[39m
       [32mΓ£ô[39m should deactivate re-check when no faces remain[32m 1[2mms[22m[39m
[90mstdout[2m | tests/backend/unit/services/FaceService_Scanning.test.ts[2m > [22m[2mFaceService Scanning Verification[2m > [22m[2mshould persist "review" confidence tier when distance is 0.8
[22m[39m[FaceService] Processing 1 faces for photo 123

[90mstdout[2m | tests/backend/unit/services/FaceService_Scanning.test.ts[2m > [22m[2mFaceService Scanning Verification[2m > [22m[2mshould persist "review" confidence tier when distance is 0.8
[22m[39m[FaceService] Tier Stats: 1 descriptors, 1 matched, 0 high, 1 review (thresholds: high<0.7, review<0.9)
[FaceService] INSERT params count: 16, types: 0:number, 1:null, 2:object, 3:string, 4:number, 5:number, 6:string, 7:number, 8:number, 9:null, 10:null, 11:null, 12:null, 13:null, 14:null, 15:number

[90mstdout[2m | tests/backend/unit/services/FaceService_Scanning.test.ts[2m > [22m[2mFaceService Scanning Verification[2m > [22m[2mshould persist "high" confidence tier when distance is 0.2
[22m[39m[FaceService] Processing 1 faces for photo 124

[90mstdout[2m | tests/backend/unit/services/FaceService_Scanning.test.ts[2m > [22m[2mFaceService Scanning Verification[2m > [22m[2mshould persist "high" confidence tier when distance is 0.2
[22m[39m[FaceService] Tier Stats: 1 descriptors, 1 matched, 1 high, 0 review (thresholds: high<0.7, review<0.9)
[FaceService] INSERT params count: 16, types: 0:number, 1:number, 2:object, 3:string, 4:number, 5:number, 6:string, 7:number, 8:number, 9:null, 10:null, 11:null, 12:null, 13:null, 14:null, 15:number
[FaceService] Auto-assigned 1 faces via scan-time logic.

[90mstdout[2m | tests/backend/unit/services/FaceService_Scanning.test.ts[2m > [22m[2mFaceService Scanning Verification[2m > [22m[2mshould populate session_folder, session_date and needs_bucketing=1 for unassigned faces
[22m[39m[FaceService] Processing 1 faces for photo 125

[90mstdout[2m | tests/backend/unit/services/FaceService_Scanning.test.ts[2m > [22m[2mFaceService Scanning Verification[2m > [22m[2mshould populate session_folder, session_date and needs_bucketing=1 for unassigned faces
[22m[39m[FaceService] Tier Stats: 1 descriptors, 0 matched, 0 high, 0 review (thresholds: high<0.7, review<0.9)
[FaceService] INSERT params count: 16, types: 0:number, 1:null, 2:object, 3:string, 4:number, 5:number, 6:string, 7:null, 8:null, 9:null, 10:null, 11:null, 12:null, 13:string, 14:string, 15:number

 [32mΓ£ô[39m tests/backend/unit/services/FaceService_Scanning.test.ts [2m([22m[2m3 tests[22m[2m)[22m[32m 14[2mms[22m[39m
 [32mΓ£ô[39m tests/frontend/unit/hooks/useMergedBuckets.test.ts [2m([22m[2m6 tests[22m[2m)[22m[32m 26[2mms[22m[39m
[90mstderr[2m | tests/frontend/unit/components/FaceThumbnail.test.tsx[2m > 
[22m[2mFaceThumbnail[2m > [22m[2mshould show loading pulse initially
[22m[39m[FaceThumbnail] Missing originalWidth for local-resource://photo.jpg

[90mstderr[2m | tests/frontend/unit/components/FaceThumbnail.test.tsx[2m > 
[22m[2mFaceThumbnail[2m > [22m[2mshould handle fallback source on error
[22m[39m[FaceThumbnail] Missing originalWidth for invalid.jpg
[FaceThumbnail] Missing originalWidth for invalid.jpg

 [32mΓ£ô[39m tests/frontend/unit/components/FaceThumbnail.test.tsx [2m([22m[2m4 tests[22m[2m)[22m[32m 53[2mms[22m[39m
 [32mΓ£ô[39m tests/frontend/unit/components/SmartIgnorePanel.test.tsx [2m([22m[2m4 tests[22m[2m)[22m[32m 32[2mms[22m[39m
 [32mΓ£ô[39m tests/frontend/unit/components/ui/ActionDropdown.test.tsx [2m([22m[2m11 tests[22m[2m)[22m[32m 65[2mms[22m[39m
 [32mΓ£ô[39m tests/frontend/unit/contexts/PeopleContext.test.tsx [2m([22m[2m2 tests[22m[2m)[22m[32m 81[2mms[22m[39m
node:events:497
      throw er; // Unhandled 'error' event
      ^

Error: kill EPERM
    at ChildProcess.kill (node:internal/child_process:512:26)
    at Timeout._onTimeout (file:///J:/Projects/smart-photo-organizer/node_modules/vitest/dist/chunks/c
li-api.BKg19Fvw.js:7674:48)
    at listOnTimeout (node:internal/timers:573:17)
    at processTimers (node:internal/timers:514:7)
Emitted 'error' event at:
    at ChildProcess.emitWorkerError (file:///J:/Projects/smart-photo-organizer/node_modules/vitest/dis
t/chunks/cli-api.BKg19Fvw.js:7575:22)
    at ChildProcess.emit (node:events:519:28)
    at ChildProcess.kill (node:internal/child_process:512:12)
    at Timeout._onTimeout (file:///J:/Projects/smart-photo-organizer/node_modules/vitest/dist/chunks/c
li-api.BKg19Fvw.js:7674:48)
    at listOnTimeout (node:internal/timers:573:17)
    at processTimers (node:internal/timers:514:7) {
  errno: -4048,
  code: 'EPERM',
  syscall: 'kill'
}

Node.js v21.7.3
